[nutrition-theme.netlify.app/index.html]
[backblue.gif]
[fade.gif]
[index.html]
[nutrition-theme.netlify.app/assets/images/nutrition-plan.png]
[nutrition-theme.netlify.app/assets/css/bootstrap.min.css]
[nutrition-theme.netlify.app/assets/css/aos.css]
[nutrition-theme.netlify.app/assets/css/swiper-bundle.min.css]
[cdnjs.cloudflare.com/ajax/libs/font-awesome/6.5.0/css/all.min.css]
[nutrition-theme.netlify.app/assets/css/style.css]
[nutrition-theme.netlify.app/weight-loss-program.html]
[nutrition-theme.netlify.app/muscle-gain-program.html]
[nutrition-theme.netlify.app/diet-plan.html]
[nutrition-theme.netlify.app/vegan-nutrition.html]
[nutrition-theme.netlify.app/detox-program.html]
[nutrition-theme.netlify.app/meal-planning.html]
[nutrition-theme.netlify.app/blog-detail.html]
[nutrition-theme.netlify.app/blog.html]
[nutrition-theme.netlify.app/privacy-policy.html]
[nutrition-theme.netlify.app/terms-and-conditions.html]
[nutrition-theme.netlify.app/faq.html]
[nutrition-theme.netlify.app/assets/js/bootstrap.bundle.min.js]
[nutrition-theme.netlify.app/assets/js/aos.js]
[nutrition-theme.netlify.app/assets/js/swiper-bundle.min.js]
[nutrition-theme.netlify.app/index.html]
[nutrition-theme.netlify.app/assets/js/script.js]
[nutrition-theme.netlify.app/assets/css/bootstrap.min.css]
[nutrition-theme.netlify.app/assets/css/aos.css]
[nutrition-theme.netlify.app/assets/css/swiper-bundle.min.css]
[cdnjs.cloudflare.com/ajax/libs/font-awesome/6.5.0/css/all.min.css]
[nutrition-theme.netlify.app/assets/css/style.css]
[nutrition-theme.netlify.app/weight-loss-program.html]
[nutrition-theme.netlify.app/assets/images/20120.jpg]
[nutrition-theme.netlify.app/muscle-gain-program.html]
[nutrition-theme.netlify.app/assets/images/36590.jpg]
[nutrition-theme.netlify.app/diet-plan.html]
[nutrition-theme.netlify.app/assets/images/2152003893.jpg]
[nutrition-theme.netlify.app/vegan-nutrition.html]
[nutrition-theme.netlify.app/assets/images/29076.jpg]
[nutrition-theme.netlify.app/assets/images/35728.jpg]
[nutrition-theme.netlify.app/assets/images/6385.jpg]
[nutrition-theme.netlify.app/detox-program.html]
[nutrition-theme.netlify.app/assets/images/2149092444.jpg]
[nutrition-theme.netlify.app/meal-planning.html]
[nutrition-theme.netlify.app/blog-detail.html]
[nutrition-theme.netlify.app/assets/images/52933.jpg]
[nutrition-theme.netlify.app/blog.html]
[nutrition-theme.netlify.app/privacy-policy.html]
[nutrition-theme.netlify.app/terms-and-conditions.html]
[nutrition-theme.netlify.app/faq.html]
